// Jest Snapshot v1, https://goo.gl/fbAQLP

exports[`renders Pokemon 1`] = `
<div
  className="poke"
>
  <p />
</div>
`;
